

ΓòÉΓòÉΓòÉΓòÉΓòÉΓòÉΓòÉΓòÉΓòÉΓòÉΓòÉΓòÉΓòÉΓòÉΓòÉΓòÉΓòÉΓòÉΓòÉΓòÉΓòÉΓòÉΓòÉΓòÉΓòÉΓòÉΓòÉΓòÉΓòÉΓòÉΓòÉΓòÉΓòÉΓòÉΓòÉΓòÉΓòÉΓòÉΓòÉΓòÉΓòÉΓòÉΓòÉΓòÉΓòÉΓòÉΓòÉΓòÉΓòÉΓòÉΓòÉΓòÉΓòÉΓòÉΓòÉΓòÉΓòÉΓòÉΓòÉΓòÉΓòÉΓòÉΓòÉΓòÉΓòÉΓòÉΓòÉΓòÉΓòÉΓòÉΓòÉΓòÉΓòÉΓòÉΓòÉΓòÉΓòÉΓòÉΓòÉΓòÉ
≡ƒÜÇ ULTIMATE API TEST SUITE - TESTING ALL 200+ ENDPOINTS ≡ƒÜÇ
ΓòÉΓòÉΓòÉΓòÉΓòÉΓòÉΓòÉΓòÉΓòÉΓòÉΓòÉΓòÉΓòÉΓòÉΓòÉΓòÉΓòÉΓòÉΓòÉΓòÉΓòÉΓòÉΓòÉΓòÉΓòÉΓòÉΓòÉΓòÉΓòÉΓòÉΓòÉΓòÉΓòÉΓòÉΓòÉΓòÉΓòÉΓòÉΓòÉΓòÉΓòÉΓòÉΓòÉΓòÉΓòÉΓòÉΓòÉΓòÉΓòÉΓòÉΓòÉΓòÉΓòÉΓòÉΓòÉΓòÉΓòÉΓòÉΓòÉΓòÉΓòÉΓòÉΓòÉΓòÉΓòÉΓòÉΓòÉΓòÉΓòÉΓòÉΓòÉΓòÉΓòÉΓòÉΓòÉΓòÉΓòÉΓòÉΓòÉΓòÉ

≡ƒöº SETUP: Creating Test Users...

Γ£à POST   /auth/signup                                       - 201
Γ£à POST   /auth/signup                                       - 201
Γ£à POST   /auth/signup                                       - 201

≡ƒôè TESTING ADMIN APIs...

Γ£à GET    /admin/dashboard/stats                             - 200
Γ£à GET    /admin/users                                       - 200
Γ£à GET    /admin/users/ced9f5aa-0a0c-43a9-97be-b2e36c3bc647  - 200
Γ£à PATCH  /admin/users/ced9f5aa-0a0c-43a9-97be-b2e36c3bc647  - 200
Γ¥î POST   /admin/users/change-role                           - 400 - User ID and Role are required
Γ£à POST   /admin/users/ced9f5aa-0a0c-43a9-97be-b2e36c3bc647/suspend - 200
Γ£à POST   /admin/users/ced9f5aa-0a0c-43a9-97be-b2e36c3bc647/unsuspend - 200
Γ£à GET    /admin/users/ced9f5aa-0a0c-43a9-97be-b2e36c3bc647/sessions - 200
Γ£à GET    /admin/projects                                    - 200
Γ£à GET    /admin/jobs                                        - 200
Γ£à GET    /admin/bids                                        - 200
Γ£à GET    /admin/financial/stats                             - 200
Γ¥î GET    /admin/transactions                                - 500 - Could not find a relationship between 'transaction
Γ£à GET    /admin/disputes                                    - 200
Γ£à GET    /admin/support/tickets                             - 200
Γ£à GET    /admin/verifications                               - 200
Γ£à GET    /admin/moderation/reports                          - 200
Γ£à GET    /admin/analytics                                   - 200
Γ£à GET    /admin/settings                                    - 200
Γ£à POST   /admin/settings                                    - 200
Γ£à GET    /admin/audit-logs                                  - 200
Γ£à GET    /admin/referrals/stats                             - 200
Γ¥î GET    /admin/payouts                                     - 500 - Could not find a relationship between 'payouts' an
Γ£à GET    /admin/reviews                                     - 200
Γ£à GET    /admin/messages                                    - 200
Γ£à POST   /admin/announcements                               - 200
Γ£à GET    /admin/announcements                               - 200
Γ£à POST   /admin/badges                                      - 200
Γ£à GET    /admin/badges                                      - 200
Γ£à GET    /admin/appointments                                - 200
Γ£à GET    /admin/login/logs                                  - 200
Γ£à GET    /admin/login/stats                                 - 200
Γ£à GET    /admin/ai/contracts                                - 200
Γ£à GET    /admin/ai/analysis                                 - 200
Γ£à GET    /admin/marketing/campaigns                         - 200
Γ£à POST   /admin/marketing/campaigns                         - 200
Γ£à GET    /admin/security/blocked-ips                        - 200
Γ£à GET    /admin/security/ddos-logs                          - 200
Γ£à GET    /admin/security/failed-logins                      - 200

≡ƒôê TESTING ANALYTICS APIs...

Γ£à POST   /analytics/view                                    - 201
Γ£à GET    /analytics/profile                                 - 200
Γ£à GET    /analytics/performance                             - 200

≡ƒöÉ TESTING AUTH APIs...

Γ£à GET    /auth/me                                           - 200
Γ£à PUT    /auth/update-profile                               - 200
Γ£à PATCH  /auth/profile                                      - 200
Γ£à POST   /auth/change-password                              - 200
Γ¥î POST   /auth/forgot-password                              - 400 - Email address "client_ultimate_1764985441436@test.
Γ¥î POST   /auth/refresh-token                                - 401 - Failed to refresh session
Γ£à GET    /auth/sessions                                     - 200
Γ¥î POST   /auth/resend-verification                          - 400 - Email is required

≡ƒÅù∩╕Å TESTING PROJECTS & JOBS APIs...

Γ£à POST   /projects                                          - 201
Γ£à GET    /projects                                          - 200
Γ£à GET    /projects/e2e47bfb-c8c9-4ebb-836d-98d81c362f74     - 200
Γ£à POST   /projects/e2e47bfb-c8c9-4ebb-836d-98d81c362f74/milestones - 201
Γ£à POST   /jobs                                              - 201
Γ£à GET    /jobs                                              - 200
Γ£à GET    /jobs/9e83958c-777f-428f-bbb5-c2034b1a80eb         - 200
Γ£à PUT    /jobs/9e83958c-777f-428f-bbb5-c2034b1a80eb         - 200

≡ƒÆ░ TESTING BIDS & APPLICATIONS APIs...

Γ¥î POST   /bids                                              - 400 - Missing required fields (job_id or project_id)
Γ¥î GET    /bids/job/9e83958c-777f-428f-bbb5-c2034b1a80eb     - 500 - Could not find a relationship between 'job_applica
Γ£à GET    /bids/my-bids                                      - 200
Γ¥î POST   /applications                                      - 403 - Permission denied. Required: jobs.apply
Γ¥î GET    /applications/job/9e83958c-777f-428f-bbb5-c2034b1a80eb - 500 - Could not find a relationship between 'job_applica
Γ£à GET    /applications/my-applications                      - 200

≡ƒÆ¼ TESTING COMMUNICATION APIs...

Γ£à GET    /communication/conversations                       - 200
Γ¥î POST   /communication/conversations                       - 500 - null value in column "user_id" of relation "conver
Γ£à GET    /messages/conversations                            - 200

≡ƒæ╖ TESTING CONTRACTORS APIs...

Γ£à GET    /contractors/search                                - 200
Γ¥î GET    /contractors/5646070b-aa1d-406c-9867-4d2d460d3df4  - 404 - Contractor profile not found
Γ£à GET    /contractors/5646070b-aa1d-406c-9867-4d2d460d3df4/portfolio - 200
Γ£à GET    /contractors/5646070b-aa1d-406c-9867-4d2d460d3df4/certifications - 200
Γ¥î PUT    /contractors/profile                               - 403 - Permission denied. Required: profile.edit
Γ¥î POST   /contractors/portfolio                             - 403 - Permission denied. Required: profile.edit
Γ¥î POST   /contractors/certifications                        - 403 - Permission denied. Required: profile.edit

ΓÜû∩╕Å TESTING DISPUTES APIs...

Γ£à POST   /disputes                                          - 201
Γ£à GET    /disputes                                          - 200
Γ£à GET    /disputes/4dd795c8-8890-4c15-a7b3-49df1d080131     - 200
Γ£à POST   /disputes/4dd795c8-8890-4c15-a7b3-49df1d080131/responses - 201

≡ƒÄ» TESTING MISC FEATURES...

Γ£à POST   /appointments                                      - 201
Γ£à PATCH  /appointments/0dbcace6-85e0-42a4-a9fa-fbd6593b2b01 - 200
Γ£à GET    /appointments                                      - 200
Γ£à GET    /badges                                            - 200
Γ£à POST   /endorsements                                      - 201
Γ£à GET    /endorsements/5646070b-aa1d-406c-9867-4d2d460d3df4 - 200
Γ£à GET    /finance/transactions                              - 200
Γ£à GET    /finance/payouts                                   - 200
Γ£à POST   /invites                                           - 201
Γ£à GET    /invites/my-invites                                - 200
Γ£à GET    /notifications                                     - 200
Γ£à POST   /quotes                                            - 201
Γ£à PUT    /quotes/e358d1b6-8428-47b1-a214-dbcfe16ec892/status - 200
Γ£à GET    /quotes                                            - 200
Γ£à GET    /referrals/code                                    - 200
Γ£à GET    /referrals/stats                                   - 200
Γ£à POST   /reports                                           - 201
Γ£à GET    /reports                                           - 200
Γ£à POST   /reviews                                           - 201
Γ¥î GET    /reviews/user/5646070b-aa1d-406c-9867-4d2d460d3df4 - 500 - Could not find a relationship between 'reviews' an
Γ£à POST   /saved                                             - 201
Γ£à GET    /saved                                             - 200
Γ£à GET    /saved/check/5646070b-aa1d-406c-9867-4d2d460d3df4  - 200
Γ£à GET    /settings                                          - 200
Γ£à PUT    /settings                                          - 200
Γ£à GET    /settings/notifications                            - 200
Γ¥î PUT    /settings/notifications                            - 500 - duplicate key value violates unique constraint "us
Γ£à GET    /settings/privacy                                  - 200
Γ¥î PUT    /settings/privacy                                  - 500 - duplicate key value violates unique constraint "us
Γ£à GET    /stats/user-dashboard                              - 200
Γ£à GET    /stats/admin-dashboard                             - 200
Γ£à POST   /templates                                         - 201
Γ£à GET    /templates                                         - 200
Γ£à GET    /users/me                                          - 200
Γ£à GET    /users/profile                                     - 200
Γ£à PUT    /users/profile                                     - 200
Γ¥î PUT    /users/settings                                    - 500 - duplicate key value violates unique constraint "us
Γ£à GET    /users/notifications                               - 200
Γ¥î POST   /verification/request                              - 400 - Verification type and documents required
Γ£à GET    /verification/my-status                            - 200
Γ£à GET    /verification                                      - 200
Γ£à POST   /video-consultations                               - 201
Γ£à GET    /video-consultations                               - 200

≡ƒùæ∩╕Å TESTING DELETE Operations...

Γ£à DELETE /appointments/0dbcace6-85e0-42a4-a9fa-fbd6593b2b01 - 200
Γ£à DELETE /admin/announcements/81a88501-aadd-47f9-9662-6dc5fc4907e2 - 200
Γ£à DELETE /jobs/9e83958c-777f-428f-bbb5-c2034b1a80eb         - 200
Γ£à DELETE /saved/5646070b-aa1d-406c-9867-4d2d460d3df4        - 200


ΓòÉΓòÉΓòÉΓòÉΓòÉΓòÉΓòÉΓòÉΓòÉΓòÉΓòÉΓòÉΓòÉΓòÉΓòÉΓòÉΓòÉΓòÉΓòÉΓòÉΓòÉΓòÉΓòÉΓòÉΓòÉΓòÉΓòÉΓòÉΓòÉΓòÉΓòÉΓòÉΓòÉΓòÉΓòÉΓòÉΓòÉΓòÉΓòÉΓòÉΓòÉΓòÉΓòÉΓòÉΓòÉΓòÉΓòÉΓòÉΓòÉΓòÉΓòÉΓòÉΓòÉΓòÉΓòÉΓòÉΓòÉΓòÉΓòÉΓòÉΓòÉΓòÉΓòÉΓòÉΓòÉΓòÉΓòÉΓòÉΓòÉΓòÉΓòÉΓòÉΓòÉΓòÉΓòÉΓòÉΓòÉΓòÉΓòÉΓòÉ
≡ƒôè FINAL RESULTS
ΓòÉΓòÉΓòÉΓòÉΓòÉΓòÉΓòÉΓòÉΓòÉΓòÉΓòÉΓòÉΓòÉΓòÉΓòÉΓòÉΓòÉΓòÉΓòÉΓòÉΓòÉΓòÉΓòÉΓòÉΓòÉΓòÉΓòÉΓòÉΓòÉΓòÉΓòÉΓòÉΓòÉΓòÉΓòÉΓòÉΓòÉΓòÉΓòÉΓòÉΓòÉΓòÉΓòÉΓòÉΓòÉΓòÉΓòÉΓòÉΓòÉΓòÉΓòÉΓòÉΓòÉΓòÉΓòÉΓòÉΓòÉΓòÉΓòÉΓòÉΓòÉΓòÉΓòÉΓòÉΓòÉΓòÉΓòÉΓòÉΓòÉΓòÉΓòÉΓòÉΓòÉΓòÉΓòÉΓòÉΓòÉΓòÉΓòÉΓòÉ
Total Tests:  128
Γ£à Passed:    108 (84.4%)
Γ¥î Failed:    20 (15.6%)
ΓòÉΓòÉΓòÉΓòÉΓòÉΓòÉΓòÉΓòÉΓòÉΓòÉΓòÉΓòÉΓòÉΓòÉΓòÉΓòÉΓòÉΓòÉΓòÉΓòÉΓòÉΓòÉΓòÉΓòÉΓòÉΓòÉΓòÉΓòÉΓòÉΓòÉΓòÉΓòÉΓòÉΓòÉΓòÉΓòÉΓòÉΓòÉΓòÉΓòÉΓòÉΓòÉΓòÉΓòÉΓòÉΓòÉΓòÉΓòÉΓòÉΓòÉΓòÉΓòÉΓòÉΓòÉΓòÉΓòÉΓòÉΓòÉΓòÉΓòÉΓòÉΓòÉΓòÉΓòÉΓòÉΓòÉΓòÉΓòÉΓòÉΓòÉΓòÉΓòÉΓòÉΓòÉΓòÉΓòÉΓòÉΓòÉΓòÉΓòÉ

Γ£¿ TEST SUITE COMPLETED Γ£¿

