env: load .env
env: export EXPO_PUBLIC_API_URL EXPO_PUBLIC_API_IP EXPO_PUBLIC_API_PORT EXPO_PUBLIC_SUPABASE_URL EXPO_PUBLIC_SUPABASE_ANON_KEY
Starting Metro Bundler
Android node_modules\expo-router\entry.js ΓûæΓûæΓûæΓûæΓûæΓûæΓûæΓûæΓûæΓûæΓûæΓûæΓûæΓûæΓûæΓûæ  0.0% (0/1)
Android Bundling failed 3686ms node_modules\expo-router\entry.js (1 module)
node.exe : SyntaxError: 
node_modules\expo-router\entry.js: 
[BABEL] C:\Users\HP\Desktop\800$\800-\app\
node_modules\expo-router\entry.js: Cannot 
find module 
'babel-plugin-DISABLED-WORKLETS'
At line:1 char:1
+ & "C:\Program Files\nodejs/node.exe" 
"C:\Users\HP\AppData\Roaming\npm ...
+ ~~~~~~~~~~~~~~~~~~~~~~~~~~~~~~~~~~~~~~~~
~~~~~~~~~~~~~~~~~~~~~~~~~~~~~
    + CategoryInfo          : NotSpecifie 
   d: (SyntaxError: no...ABLED-WORKLETS'  
  :String) [], RemoteException
    + FullyQualifiedErrorId : NativeComma 
   ndError
 
Require stack:
- C:\Users\HP\Desktop\800$\800-\app\node_m
odules\@babel\core\lib\config\files\plugin
s.js
- C:\Users\HP\Desktop\800$\800-\app\node_m
odules\@babel\core\lib\config\files\index.
js
- C:\Users\HP\Desktop\800$\800-\app\node_m
odules\@babel\core\lib\index.js
- C:\Users\HP\Desktop\800$\800-\app\node_m
odules\@expo\metro-config\build\transform-
worker\metro-transform-worker.js
- C:\Users\HP\Desktop\800$\800-\app\node_m
odules\@expo\metro-config\build\transform-
worker\supervising-transform-worker.js
- C:\Users\HP\Desktop\800$\800-\app\node_m
odules\@expo\metro\node_modules\metro\src\
DeltaBundler\Worker.flow.js
- C:\Users\HP\Desktop\800$\800-\app\node_m
odules\@expo\metro\node_modules\metro\src\
DeltaBundler\Worker.js
- C:\Users\HP\Desktop\800$\800-\app\node_m
odules\jest-worker\build\workers\processCh
ild.js

Make sure that all the Babel plugins and 
presets you are using
are defined as dependencies or 
devDependencies in your package.json
file. It's possible that the missing 
plugin is loaded by a preset
you are using that forgot to add the 
plugin to its dependencies: you
can workaround this problem by explicitly 
adding the missing package
to your top-level package.json.

Error: [BABEL] C:\Users\HP\Desktop\800$\80
0-\app\node_modules\expo-router\entry.js: 
Cannot find module 
'babel-plugin-DISABLED-WORKLETS'
Require stack:
- C:\Users\HP\Desktop\800$\800-\app\node_m
odules\@babel\core\lib\config\files\plugin
s.js
- C:\Users\HP\Desktop\800$\800-\app\node_m
odules\@babel\core\lib\config\files\index.
js
- C:\Users\HP\Desktop\800$\800-\app\node_m
odules\@babel\core\lib\index.js
- C:\Users\HP\Desktop\800$\800-\app\node_m
odules\@expo\metro-config\build\transform-
worker\metro-transform-worker.js
- C:\Users\HP\Desktop\800$\800-\app\node_m
odules\@expo\metro-config\build\transform-
worker\supervising-transform-worker.js
- C:\Users\HP\Desktop\800$\800-\app\node_m
odules\@expo\metro\node_modules\metro\src\
DeltaBundler\Worker.flow.js
- C:\Users\HP\Desktop\800$\800-\app\node_m
odules\@expo\metro\node_modules\metro\src\
DeltaBundler\Worker.js
- C:\Users\HP\Desktop\800$\800-\app\node_m
odules\jest-worker\build\workers\processCh
ild.js

Make sure that all the Babel plugins and 
presets you are using
are defined as dependencies or 
devDependencies in your package.json
file. It's possible that the missing 
plugin is loaded by a preset
you are using that forgot to add the 
plugin to its dependencies: you
can workaround this problem by explicitly 
adding the missing package
to your top-level package.json.

    at Function.<anonymous> 
(node:internal/modules/cjs/loader:1383:15)
    at Module._resolveFilename (C:\Users\H
P\Desktop\800$\800-\app\node_modules\@expo
\metro-config\build\transform-worker\utils
\moduleMapper.js:128:40)
    at resolve 
(node:internal/modules/helpers:157:19)
    at tryRequireResolve (C:\Users\HP\Desk
top\800$\800-\app\node_modules\@babel\core
\lib\config\files\plugins.js:127:11)
    at resolveStandardizedNameForRequire (
C:\Users\HP\Desktop\800$\800-\app\node_mod
ules\@babel\core\lib\config\files\plugins.
js:161:19)
    at resolveStandardizedName (C:\Users\H
P\Desktop\800$\800-\app\node_modules\@babe
l\core\lib\config\files\plugins.js:182:12)
    at loadPlugin (C:\Users\HP\Desktop\800
$\800-\app\node_modules\@babel\core\lib\co
nfig\files\plugins.js:55:7)
    at loadPlugin.next (<anonymous>)
    at createDescriptor (C:\Users\HP\Deskt
op\800$\800-\app\node_modules\@babel\core\
lib\config\config-descriptors.js:140:16)
    at createDescriptor.next (<anonymous>)
    at evaluateSync (C:\Users\HP\Desktop\8
00$\800-\app\node_modules\gensync\index.js
:251:28)
    at C:\Users\HP\Desktop\800$\800-\app\n
ode_modules\gensync\index.js:31:34
    at Array.map (<anonymous>)
    at Function.sync (C:\Users\HP\Desktop\
800$\800-\app\node_modules\gensync\index.j
s:31:22)
    at Function.all (C:\Users\HP\Desktop\8
00$\800-\app\node_modules\gensync\index.js
:210:24)
    at Generator.next (<anonymous>)
    at createDescriptors (C:\Users\HP\Desk
top\800$\800-\app\node_modules\@babel\core
\lib\config\config-descriptors.js:102:41)
    at createDescriptors.next 
(<anonymous>)
    at createPluginDescriptors (C:\Users\H
P\Desktop\800$\800-\app\node_modules\@babe
l\core\lib\config\config-descriptors.js:99
:17)
    at createPluginDescriptors.next 
(<anonymous>)
    at C:\Users\HP\Desktop\800$\800-\app\n
ode_modules\@babel\core\lib\gensync-utils\
functional.js:22:27
    at Generator.next (<anonymous>)
    at mergeChainOpts (C:\Users\HP\Desktop
\800$\800-\app\node_modules\@babel\core\li
b\config\config-chain.js:349:34)
    at mergeChainOpts.next (<anonymous>)
    at chainWalker (C:\Users\HP\Desktop\80
0$\800-\app\node_modules\@babel\core\lib\c
onfig\config-chain.js:316:14)
    at chainWalker.next (<anonymous>)
    at buildPresetChain (C:\Users\HP\Deskt
op\800$\800-\app\node_modules\@babel\core\
lib\config\config-chain.js:33:24)
    at buildPresetChain.next (<anonymous>)
    at loadPresetDescriptor (C:\Users\HP\D
esktop\800$\800-\app\node_modules\@babel\c
ore\lib\config\full.js:295:53)
    at loadPresetDescriptor.next 
(<anonymous>)
    at recursePresetDescriptors (C:\Users\
HP\Desktop\800$\800-\app\node_modules\@bab
el\core\lib\config\full.js:77:31)
    at recursePresetDescriptors.next 
(<anonymous>)
    at C:\Users\HP\Desktop\800$\800-\app\n
ode_modules\@babel\core\lib\config\full.js
:156:21
    at Generator.next (<anonymous>)
    at loadFullConfig (C:\Users\HP\Desktop
\800$\800-\app\node_modules\@babel\core\li
b\config\full.js:113:5)
    at loadFullConfig.next (<anonymous>)
    at transform (C:\Users\HP\Desktop\800$
\800-\app\node_modules\@babel\core\lib\tra
nsform.js:20:44)
    at transform.next (<anonymous>)
    at evaluateSync (C:\Users\HP\Desktop\8
00$\800-\app\node_modules\gensync\index.js
:251:28)
    at sync (C:\Users\HP\Desktop\800$\800-
\app\node_modules\gensync\index.js:89:14)
    at stopHiding - secret - don't use 
this - v1 (C:\Users\HP\Desktop\800$\800-\a
pp\node_modules\@babel\core\lib\errors\rew
rite-stack-trace.js:47:12)
    at Object.transformSync (C:\Users\HP\D
esktop\800$\800-\app\node_modules\@babel\c
ore\lib\transform.js:42:76)
    at parseWithBabel (C:\Users\HP\Desktop
\800$\800-\app\node_modules\@expo\metro-co
nfig\build\transformSync.js:75:18)
    at transformSync (C:\Users\HP\Desktop\
800$\800-\app\node_modules\@expo\metro-con
fig\build\transformSync.js:64:12)
    at Object.transform (C:\Users\HP\Deskt
op\800$\800-\app\node_modules\@expo\metro-
config\build\babel-transformer.js:127:58)
    at transformJSWithBabel (C:\Users\HP\D
esktop\800$\800-\app\node_modules\@expo\me
tro-config\build\transform-worker\metro-tr
ansform-worker.js:468:47)
    at Object.transform (C:\Users\HP\Deskt
op\800$\800-\app\node_modules\@expo\metro-
config\build\transform-worker\metro-transf
orm-worker.js:583:12)
    at transform (C:\Users\HP\Desktop\800$
\800-\app\node_modules\@expo\metro-config\
build\transform-worker\transform-worker.js
:178:19)
    at Object.transform (C:\Users\HP\Deskt
op\800$\800-\app\node_modules\react-native
-css-interop\dist\metro\transformer.js:15:
16)
